albs.albs.port
albs.albs.ros
vd.gal.alb
alb.vd.vd
alb.alb.albs
albs.albs.ros
ros.albs.albs
ros.albs.port
port.port.port
vd.ros.gal
vd.albs.ros
ros.alb.vd
gal.alb.ros
albs.ros.albs
gal.ros.albs
gal.gal.port
albs.vd.vd
ros.vd.ros
