alb.albs.albs
vd.ros.ros
gal.vd.vd
port.port.ros
ros.ros.alb
alb.alb.gal
vd.gal.gal
ros.alb.alb
albs.ros.ros
port.gal.gal
ros.vd.vd
alb.alb.alb
vd.vd.vd
albs.albs.albs
ros.ros.ros
ros.ros.ros
ros.ros.ros
gal.gal.gal
