alb.albs.ros
gal.ros.ros
albs.vd.ros
gal.alb.vd
vd.ros.gal
albs.albs.port
alb.gal.vd
ros.alb.ros
ros.ros.alb
ros.alb.vd
ros.vd.albs
alb.ros.ros
port.alb.gal
ros.albs.ros
gal.port.vd
gal.vd.gal
vd.ros.ros
gal.alb.ros
