vd.ros.albs
vd.ros.albs
vd.ros.albs
port.port.port
ros.ros.ros
alb.alb.alb
gal.gal.gal
alb.alb.alb
ros.albs.vd
gal.ros.ros
vd.vd.vd
alb.alb.alb
vd.vd.gal
albs.albs.gal
ros.ros.gal
ros.ros.ros
ros.ros.ros
ros.gal.gal
