ros.gal.gal
ros.ros.alb
alb.alb.gal
vd.port.gal
albs.ros.port
alb.alb.ros
gal.ros.alb
gal.ros.port
port.ros.alb
albs.vd.alb
port.albs.albs
port.albs.port
alb.ros.albs
alb.port.ros
gal.albs.gal
vd.gal.alb
ros.albs.albs
alb.ros.port
