alb.albs.port
ros.ros.ros
port.port.ros
port.vd.ros
port.ros.alb
gal.albs.alb
port.alb.gal
albs.ros.gal
gal.alb.alb
albs.port.alb
ros.albs.ros
alb.ros.albs
gal.gal.alb
albs.port.albs
vd.alb.gal
vd.ros.alb
port.albs.ros
alb.gal.gal
