albs.albs.albs
ros.ros.ros
gal.gal.gal
port.port.port
ros.ros.ros
ros.ros.ros
gal.gal.gal
alb.alb.alb
ros.ros.ros
gal.vd.alb
gal.vd.alb
gal.vd.alb
vd.vd.vd
albs.albs.albs
vd.vd.vd
ros.ros.ros
ros.ros.ros
alb.alb.alb
