vd.vd.vd
ros.ros.ros
vd.vd.vd
ros.ros.ros
ros.ros.ros
alb.alb.alb
ros.alb.gal
ros.alb.gal
ros.alb.gal
gal.gal.gal
vd.vd.vd
alb.alb.alb
port.port.port
albs.albs.albs
ros.ros.ros
albs.albs.albs
ros.ros.ros
gal.gal.gal
