albs.albs.ros
ros.ros.alb
vd.vd.gal
alb.port.port
vd.ros.ros
gal.alb.alb
gal.gal.port
alb.alb.ros
ros.ros.alb
gal.gal.vd
vd.vd.ros
alb.alb.albs
vd.vd.vd
albs.albs.albs
ros.ros.ros
ros.ros.gal
ros.ros.gal
ros.ros.gal
