ros.ros.alb
ros.alb.vd
gal.vd.gal
ros.gal.albs
albs.gal.alb
vd.port.alb
port.vd.alb
ros.ros.gal
vd.alb.alb
gal.gal.vd
albs.port.port
albs.vd.gal
albs.albs.ros
gal.albs.port
ros.ros.albs
port.albs.port
alb.vd.port
port.alb.vd
