albs.albs.albs
ros.ros.ros
ros.ros.ros
port.port.port
ros.ros.ros
gal.gal.gal
gal.gal.gal
alb.alb.alb
ros.ros.ros
alb.vd.gal
alb.vd.gal
alb.vd.gal
vd.vd.vd
albs.albs.albs
alb.alb.alb
ros.ros.ros
ros.ros.ros
vd.vd.vd
