gal.port.vd
ros.ros.port
albs.alb.port
alb.gal.gal
gal.ros.alb
alb.albs.ros
alb.ros.gal
albs.ros.albs
alb.alb.alb
gal.gal.ros
ros.albs.ros
alb.albs.port
alb.port.port
ros.port.albs
albs.ros.gal
port.vd.alb
alb.albs.port
gal.ros.vd
