alb.albs.ros
alb.albs.ros
ros.albs.port
ros.albs.albs
alb.alb.port
vd.port.albs
vd.vd.gal
ros.albs.vd
gal.albs.vd
gal.ros.gal
vd.albs.ros
vd.vd.ros
alb.albs.ros
gal.ros.gal
port.albs.port
port.albs.albs
ros.vd.albs
ros.alb.albs
