albs.ros.vd
albs.ros.vd
albs.ros.vd
port.port.port
ros.ros.ros
alb.alb.alb
gal.gal.gal
alb.alb.alb
ros.ros.gal
vd.albs.ros
vd.vd.vd
alb.alb.alb
vd.vd.ros
albs.albs.ros
ros.ros.ros
gal.ros.ros
gal.ros.ros
gal.gal.gal
