gal.ros.ros
gal.vd.vd
ros.vd.vd
port.port.alb
albs.albs.alb
albs.albs.alb
vd.alb.port
vd.alb.port
alb.alb.port
gal.ros.ros
albs.gal.gal
albs.gal.gal
vd.vd.vd
port.port.gal
port.port.gal
albs.albs.albs
alb.ros.ros
alb.ros.ros
