alb.alb.port
vd.ros.ros
port.gal.gal
alb.ros.gal
alb.ros.ros
gal.ros.port
vd.albs.gal
albs.ros.ros
alb.alb.alb
ros.port.albs
gal.albs.port
alb.ros.alb
albs.alb.vd
gal.port.port
gal.albs.alb
alb.albs.ros
albs.albs.port
gal.ros.port
