albs.albs.gal
ros.ros.vd
vd.vd.alb
ros.port.port
alb.ros.ros
gal.alb.alb
gal.gal.albs
alb.alb.ros
ros.ros.vd
gal.gal.port
vd.vd.ros
alb.alb.alb
vd.vd.vd
albs.albs.albs
ros.ros.ros
gal.ros.ros
gal.ros.ros
gal.ros.ros
