alb.albs.ros
vd.albs.port
ros.port.vd
ros.alb.albs
ros.alb.alb
ros.vd.ros
alb.ros.albs
alb.albs.albs
vd.albs.port
albs.ros.gal
albs.albs.gal
ros.albs.port
port.albs.gal
vd.ros.albs
port.albs.gal
albs.gal.vd
ros.vd.ros
gal.vd.vd
