ros.ros.ros
ros.ros.ros
vd.vd.vd
vd.vd.vd
ros.ros.ros
alb.alb.alb
gal.alb.ros
gal.alb.ros
gal.alb.ros
gal.gal.gal
vd.vd.vd
alb.alb.alb
albs.albs.albs
albs.albs.albs
ros.ros.ros
port.port.port
ros.ros.ros
gal.gal.gal
