albs.albs.albs
ros.ros.ros
vd.vd.vd
alb.ros.port
alb.ros.port
alb.ros.port
ros.ros.gal
alb.alb.alb
ros.ros.ros
gal.gal.gal
vd.vd.vd
vd.albs.ros
gal.vd.vd
gal.albs.albs
gal.ros.ros
ros.ros.alb
ros.ros.alb
gal.gal.alb
