alb.port.gal
ros.ros.port
alb.albs.gal
port.ros.vd
alb.ros.vd
gal.alb.ros
port.ros.alb
albs.ros.port
albs.gal.gal
port.albs.alb
alb.albs.albs
vd.gal.alb
port.ros.ros
ros.port.ros
alb.alb.alb
alb.gal.gal
ros.albs.albs
gal.port.albs
