albs.vd.vd
alb.albs.albs
albs.albs.alb
port.ros.ros
albs.alb.albs
ros.alb.gal
ros.ros.albs
port.albs.port
gal.gal.ros
gal.vd.ros
gal.albs.albs
port.ros.ros
vd.alb.alb
ros.ros.vd
gal.ros.port
albs.albs.vd
vd.vd.albs
port.albs.vd
