vd.ros.alb
albs.albs.port
ros.ros.alb
gal.vd.port
vd.alb.gal
gal.albs.vd
gal.albs.ros
vd.albs.alb
vd.albs.port
albs.alb.ros
port.albs.ros
gal.albs.port
ros.ros.vd
albs.ros.ros
albs.vd.albs
ros.albs.port
alb.vd.albs
ros.gal.albs
