albs.albs.albs
ros.ros.ros
vd.vd.vd
port.ros.alb
port.ros.alb
port.ros.alb
ros.albs.vd
alb.alb.alb
ros.ros.ros
gal.gal.gal
vd.vd.vd
gal.ros.ros
alb.vd.vd
alb.albs.albs
alb.ros.ros
ros.ros.gal
ros.ros.gal
gal.gal.gal
