gal.albs.albs
alb.ros.ros
ros.vd.vd
port.port.alb
ros.ros.vd
alb.alb.gal
port.gal.gal
ros.alb.alb
alb.ros.ros
albs.gal.gal
ros.vd.vd
vd.alb.alb
vd.vd.vd
albs.albs.albs
ros.ros.ros
ros.ros.ros
ros.ros.ros
gal.gal.gal
